// Jest Snapshot v1, https://goo.gl/fbAQLP

exports[`<PlanetScore/> should render null with invalid value 1`] = `<div />`;
